---
source: crates/air/tests/integration/config.rs
expression: "Command::new(binary_path()).env(user_config_directory_env_var(),\nuser_config_directory).current_dir(directory).arg(\"format\").arg(\".\").arg(\"--no-color\").run().remove_arguments().replace_stderr(&user_air_toml(user_config_directory).display().to_string(),\n\"[AIR_TOML]\")"
---
success: false
exit_code: 255
----- stdout -----

----- stderr -----
air failed
  Cause: Failed to parse [AIR_TOML]:
Pattern `src/foo.R` must be unrooted. It is currently a rooted pattern implying `{root}/src/foo.R`.
- Unrooted patterns start with `**/` and match at any depth. For convenience, simple patterns like `foo.R` and `folder/` are also considered to be unrooted.
- Rooted patterns contain a leading or interior `/`, like `/foo.R` or `R/foo.R`, and imply `{root}/foo.R` or `{root}/R/foo.R`, which can't be resolved by a user level `air.toml`.

----- args -----
<removed>
